// Jest Snapshot v1, https://goo.gl/fbAQLP

exports[`Logout component matches snapshot 1`] = `
<DocumentFragment>
  <div>
    <button>
      Logging Out!
    </button>
  </div>
</DocumentFragment>
`;
